===================== a1-1200p120-150s =====================
date   : 2026-09-16T13:55:16+08:00
uptime : 930.25 s
module : 7C24A2D09BC0401EC56E7CA db08571aa60d30c4b8187391ac8440c6  /lib/modules/6.6.98-sun60iw2/updates/vin_v4l2.ko 
args   : -t 150 -d /dev/video0 -w 1920 -h 1200 -f NV12 -p 1/120  (vi0)
marker : VFRMARK-a1-1200p120-150s-1956623-1789538115
--- vi0 counters before ---
input => hoff: 0, voff: 0, w: 1920, h: 1200, fmt: GRBG10
output => width: 1920, height: 1200, fmt: NV12
prs_in => x: 1920, y: 1200, hb: 477, hs: 1724
frame => cnt: 7203, lost_cnt: 0, error_cnt: 0
internal => avg: 8(ms), max: 33(ms), min: 3(ms)
--- vfr output ---
input 0: 
requested 1/120 -> got 1/120
fmt NV12 1920x1200 planes=1 sizeimage=3456000 bytesperline=2880
  t=  1.0s frames=    118 this_second=118
  t=  2.0s frames=    238 this_second=120
  t=  3.0s frames=    358 this_second=120
  t=  4.0s frames=    478 this_second=120
  t=  5.0s frames=    598 this_second=120
  t=  6.0s frames=    718 this_second=120
  t=  7.0s frames=    838 this_second=120
  t=  8.1s frames=    958 this_second=120
  t=  9.1s frames=   1078 this_second=120
  t= 10.1s frames=   1198 this_second=120
  t= 11.1s frames=   1318 this_second=120
  t= 12.1s frames=   1438 this_second=120
  t= 13.1s frames=   1558 this_second=120
  t= 14.1s frames=   1678 this_second=120
  t= 15.1s frames=   1798 this_second=120
  t= 16.1s frames=   1918 this_second=120
  t= 17.1s frames=   2038 this_second=120
  t= 18.1s frames=   2158 this_second=120
  t= 19.1s frames=   2278 this_second=120
  t= 20.1s frames=   2398 this_second=120
  t= 21.2s frames=   2518 this_second=120
  t= 22.2s frames=   2638 this_second=120
  t= 23.2s frames=   2758 this_second=120
  t= 24.2s frames=   2878 this_second=120
  t= 25.2s frames=   2998 this_second=120
  t= 26.2s frames=   3118 this_second=120
  t= 27.2s frames=   3238 this_second=120
  t= 28.2s frames=   3358 this_second=120
  t= 29.2s frames=   3478 this_second=120
  t= 30.2s frames=   3598 this_second=120
  t= 31.2s frames=   3718 this_second=120
  t= 32.2s frames=   3838 this_second=120
  t= 33.2s frames=   3958 this_second=120
  t= 34.3s frames=   4078 this_second=120
  t= 35.3s frames=   4198 this_second=120
  t= 36.3s frames=   4318 this_second=120
  t= 37.3s frames=   4438 this_second=120
  t= 38.3s frames=   4558 this_second=120
  t= 39.3s frames=   4678 this_second=120
  t= 40.3s frames=   4798 this_second=120
  t= 41.3s frames=   4918 this_second=120
  t= 42.3s frames=   5038 this_second=120
  t= 43.3s frames=   5158 this_second=120
  t= 44.3s frames=   5278 this_second=120
  t= 45.3s frames=   5398 this_second=120
  t= 46.3s frames=   5518 this_second=120
  t= 47.4s frames=   5638 this_second=120
  t= 48.4s frames=   5758 this_second=120
  t= 49.4s frames=   5878 this_second=120
  t= 50.4s frames=   5998 this_second=120
  t= 51.4s frames=   6118 this_second=120
  t= 52.4s frames=   6238 this_second=120
  t= 53.4s frames=   6358 this_second=120
  t= 54.4s frames=   6478 this_second=120
  t= 55.4s frames=   6598 this_second=120
  t= 56.4s frames=   6718 this_second=120
  t= 57.4s frames=   6838 this_second=120
  t= 58.4s frames=   6958 this_second=120
  t= 59.5s frames=   7078 this_second=120
  t= 60.5s frames=   7198 this_second=120
  t= 61.5s frames=   7318 this_second=120
  t= 62.5s frames=   7438 this_second=120
  t= 63.5s frames=   7558 this_second=120
  t= 64.5s frames=   7678 this_second=120
  t= 65.5s frames=   7798 this_second=120
  t= 66.5s frames=   7918 this_second=120
  t= 67.5s frames=   8038 this_second=120
  t= 68.5s frames=   8158 this_second=120
  t= 69.5s frames=   8278 this_second=120
  t= 70.5s frames=   8398 this_second=120
  t= 71.5s frames=   8518 this_second=120
  t= 72.6s frames=   8638 this_second=120
  t= 73.6s frames=   8758 this_second=120
  t= 74.6s frames=   8878 this_second=120
  t= 75.6s frames=   8998 this_second=120
  t= 76.6s frames=   9118 this_second=120
  t= 77.6s frames=   9238 this_second=120
  t= 78.6s frames=   9358 this_second=120
  t= 79.6s frames=   9478 this_second=120
  t= 80.6s frames=   9598 this_second=120
  t= 81.6s frames=   9718 this_second=120
  t= 82.6s frames=   9838 this_second=120
  t= 83.6s frames=   9958 this_second=120
  t= 84.6s frames=  10078 this_second=120
  t= 85.7s frames=  10198 this_second=120
  t= 86.7s frames=  10318 this_second=120
  t= 87.7s frames=  10438 this_second=120
  t= 88.7s frames=  10558 this_second=120
  t= 89.7s frames=  10678 this_second=120
  t= 90.7s frames=  10798 this_second=120
  t= 91.7s frames=  10918 this_second=120
  t= 92.7s frames=  11038 this_second=120
  t= 93.7s frames=  11158 this_second=120
  t= 94.7s frames=  11278 this_second=120
  t= 95.7s frames=  11398 this_second=120
  t= 96.7s frames=  11518 this_second=120
  t= 97.7s frames=  11638 this_second=120
  t= 98.8s frames=  11758 this_second=120
  t= 99.8s frames=  11878 this_second=120
  t=100.8s frames=  11998 this_second=120
  t=101.8s frames=  12118 this_second=120
  t=102.8s frames=  12238 this_second=120
  t=103.8s frames=  12358 this_second=120
  t=104.8s frames=  12478 this_second=120
  t=105.8s frames=  12598 this_second=120
  t=106.8s frames=  12718 this_second=120
  t=107.8s frames=  12838 this_second=120
  t=108.8s frames=  12958 this_second=120
  t=109.8s frames=  13078 this_second=120
  t=110.8s frames=  13198 this_second=120
  t=111.9s frames=  13318 this_second=120
  t=112.9s frames=  13438 this_second=120
  t=113.9s frames=  13558 this_second=120
  t=114.9s frames=  13678 this_second=120
  t=115.9s frames=  13798 this_second=120
  t=116.9s frames=  13918 this_second=120
  t=117.9s frames=  14038 this_second=120
  t=118.9s frames=  14158 this_second=120
  t=119.9s frames=  14278 this_second=120
  t=120.9s frames=  14398 this_second=120
  t=121.9s frames=  14518 this_second=120
  t=122.9s frames=  14638 this_second=120
  t=123.9s frames=  14758 this_second=120
  t=125.0s frames=  14878 this_second=120
  t=126.0s frames=  14998 this_second=120
  t=127.0s frames=  15118 this_second=120
  t=128.0s frames=  15238 this_second=120
  t=129.0s frames=  15358 this_second=120
  t=130.0s frames=  15478 this_second=120
  t=131.0s frames=  15598 this_second=120
  t=132.0s frames=  15718 this_second=120
  t=133.0s frames=  15838 this_second=120
  t=134.0s frames=  15958 this_second=120
  t=135.0s frames=  16078 this_second=120
  t=136.0s frames=  16198 this_second=120
  t=137.0s frames=  16318 this_second=120
  t=138.1s frames=  16438 this_second=120
  t=139.1s frames=  16558 this_second=120
  t=140.1s frames=  16678 this_second=120
  t=141.1s frames=  16798 this_second=120
  t=142.1s frames=  16918 this_second=120
  t=143.1s frames=  17038 this_second=120
  t=144.1s frames=  17158 this_second=120
  t=145.1s frames=  17278 this_second=120
  t=146.1s frames=  17398 this_second=120
  t=147.1s frames=  17518 this_second=120
  t=148.1s frames=  17638 this_second=120
  t=149.1s frames=  17758 this_second=120
RESULT dev=/dev/video0 1920x1200 NV12 frames=17861 wall=150.006s fps=119.07 timeouts=0
GAPS n=17860 median=0.008398s (119.08 fps) min=0.008122 max=0.008664 >1.5x=0 >3x=0
--- vfr rc=0 ---
--- vi0 counters after ---
input => hoff: 0, voff: 0, w: 1920, h: 1200, fmt: GRBG10
output => width: 1920, height: 1200, fmt: NV12
prs_in => x: 1920, y: 1200, hb: 477, hs: 1724
frame => cnt: 17862, lost_cnt: 0, error_cnt: 0
internal => avg: 8(ms), max: 33(ms), min: 3(ms)
--- dmesg since marker ---
frame lost               0
sunxi_isp_reset          0
vblank                   2
3DNR forced off          1
configuration error      0
height error             0
stream off               0
not mapped               0
CSI module               0
sunxi_iommu              0
Oops                     0
BUG:                     0
WARNING:                 0
Call trace               0
--- dmesg lines of interest (tail) ---
[  933.051508] VFRMARK-a1-1200p120-150s-1956623-1789538115
[  933.903277] sunxi:vin:[INFO]: isp0 sensor 1920x1200 vts 1220 fps 120: vblank 136 us, 3DNR off (limit 500 us)
[  933.909500] sunxi:vin:[INFO]: isp0: 3DNR forced off, sensor vblank 136 us < 500 us

