########## d3d_min_vblank_us = 500
--- step 1: 1920x1200@30 (3A loads 3dnr params, D3D on) ---
input 0: 
requested 1/30 -> got 1/30
fmt NV12 1920x1200 planes=1 sizeimage=3456000 bytesperline=2880
RESULT dev=/dev/video0 1920x1200 NV12 frames=180 wall=6.020s fps=29.90 timeouts=0
GAPS n=179 median=0.033327s (30.01 fps) min=0.033082 max=0.033568 >1.5x=0 >3x=0
--- step 2: 1920x1200@120 ---
input 0: 
requested 1/120 -> got 1/120
fmt NV12 1920x1200 planes=1 sizeimage=3456000 bytesperline=2880
  t=  1.0s frames=    120 this_second=120
  t=  2.0s frames=    241 this_second=121
  t=  3.0s frames=    362 this_second=121
  t=  4.0s frames=    483 this_second=121
  t=  5.0s frames=    604 this_second=121
  t=  6.0s frames=    725 this_second=121
  t=  7.1s frames=    846 this_second=121
  t=  8.1s frames=    967 this_second=121
  t=  9.1s frames=   1088 this_second=121
  t= 10.1s frames=   1209 this_second=121
  t= 11.1s frames=   1330 this_second=121
RESULT dev=/dev/video0 1920x1200 NV12 frames=1440 wall=12.003s fps=119.97 timeouts=0
GAPS n=1439 median=0.008329s (120.06 fps) min=0.008127 max=0.008537 >1.5x=0 >3x=0
--- vi0 after ---
output => width: 1920, height: 1200, fmt: NV12
frame => cnt: 1441, lost_cnt: 0, error_cnt: 0
--- dmesg since A45-IL500-1789538861 ---
frame lost      : 0
3DNR forced off : 1
bad lines       : 0
