===================== b2-reverted-1200p120-120s =====================
date   : 2026-09-16T14:39:11+08:00
uptime : 67.98 s
module : 417BFEC565CE2D2CC89A1A9 f27bca0ddb686618903fbdb52187084c  /lib/modules/6.6.98-sun60iw2/updates/vin_v4l2.ko 
args   : -t 120 -d /dev/video0 -w 1920 -h 1200 -f NV12 -p 1/120  (vi0)
marker : VFRMARK-b2-reverted-1200p120-120s-1992517-1789540746
--- vi0 counters before ---
input => hoff: 0, voff: 0, w: 0, h: 0, fmt: NULL
output => width: 0, height: 0, fmt: NULL
prs_in => x: 0, y: 0, hb: 0, hs: 0
frame => cnt: 0, lost_cnt: 0, error_cnt: 0
internal => avg: 0(ms), max: 0(ms), min: 0(ms)
--- vfr output ---
input 0: 
requested 1/120 -> got 1/120
fmt NV12 1920x1200 planes=1 sizeimage=3456000 bytesperline=2880
  t=  1.0s frames=    120 this_second=120
  t=  2.0s frames=    241 this_second=121
  t=  3.0s frames=    362 this_second=121
  t=  4.0s frames=    483 this_second=121
  t=  5.0s frames=    604 this_second=121
  t=  6.0s frames=    725 this_second=121
  t=  7.0s frames=    846 this_second=121
  t=  8.1s frames=    967 this_second=121
  t=  9.1s frames=   1088 this_second=121
  t= 10.1s frames=   1209 this_second=121
  t= 11.1s frames=   1330 this_second=121
  t= 12.1s frames=   1451 this_second=121
  t= 13.1s frames=   1572 this_second=121
  t= 14.1s frames=   1693 this_second=121
  t= 15.1s frames=   1814 this_second=121
  t= 16.1s frames=   1935 this_second=121
  t= 17.1s frames=   2056 this_second=121
  t= 18.1s frames=   2177 this_second=121
  t= 19.1s frames=   2298 this_second=121
  t= 20.2s frames=   2419 this_second=121
  t= 21.2s frames=   2540 this_second=121
  t= 22.2s frames=   2661 this_second=121
  t= 23.2s frames=   2782 this_second=121
  t= 24.2s frames=   2903 this_second=121
  t= 25.2s frames=   3024 this_second=121
  t= 26.2s frames=   3145 this_second=121
  t= 27.2s frames=   3266 this_second=121
  t= 28.2s frames=   3387 this_second=121
  t= 29.2s frames=   3508 this_second=121
  t= 30.2s frames=   3629 this_second=121
  t= 31.2s frames=   3750 this_second=121
  t= 32.2s frames=   3871 this_second=121
  t= 33.3s frames=   3992 this_second=121
  t= 34.3s frames=   4113 this_second=121
  t= 35.3s frames=   4234 this_second=121
  t= 36.3s frames=   4355 this_second=121
  t= 37.3s frames=   4476 this_second=121
  t= 38.3s frames=   4597 this_second=121
  t= 39.3s frames=   4718 this_second=121
  t= 40.3s frames=   4839 this_second=121
  t= 41.3s frames=   4960 this_second=121
  t= 42.3s frames=   5081 this_second=121
  t= 43.3s frames=   5202 this_second=121
  t= 44.3s frames=   5323 this_second=121
  t= 45.3s frames=   5444 this_second=121
  t= 46.4s frames=   5565 this_second=121
  t= 47.4s frames=   5686 this_second=121
  t= 48.4s frames=   5807 this_second=121
  t= 49.4s frames=   5928 this_second=121
  t= 50.4s frames=   6049 this_second=121
  t= 51.4s frames=   6170 this_second=121
  t= 52.4s frames=   6291 this_second=121
  t= 53.4s frames=   6412 this_second=121
  t= 54.4s frames=   6533 this_second=121
  t= 55.4s frames=   6654 this_second=121
  t= 56.4s frames=   6775 this_second=121
  t= 57.4s frames=   6896 this_second=121
  t= 58.5s frames=   7017 this_second=121
  t= 59.5s frames=   7138 this_second=121
  t= 60.5s frames=   7259 this_second=121
  t= 61.5s frames=   7380 this_second=121
  t= 62.5s frames=   7501 this_second=121
  t= 63.5s frames=   7622 this_second=121
  t= 64.5s frames=   7743 this_second=121
  t= 65.5s frames=   7864 this_second=121
  t= 66.5s frames=   7985 this_second=121
  t= 67.5s frames=   8106 this_second=121
  t= 68.5s frames=   8227 this_second=121
  t= 69.5s frames=   8348 this_second=121
  t= 70.5s frames=   8469 this_second=121
  t= 71.6s frames=   8590 this_second=121
  t= 72.6s frames=   8711 this_second=121
  t= 73.6s frames=   8832 this_second=121
  t= 74.6s frames=   8953 this_second=121
  t= 75.6s frames=   9074 this_second=121
  t= 76.6s frames=   9195 this_second=121
  t= 77.6s frames=   9316 this_second=121
  t= 78.6s frames=   9437 this_second=121
  t= 79.6s frames=   9558 this_second=121
  t= 80.6s frames=   9679 this_second=121
  t= 81.6s frames=   9800 this_second=121
  t= 82.6s frames=   9921 this_second=121
  t= 83.6s frames=  10042 this_second=121
  t= 84.6s frames=  10163 this_second=121
  t= 85.7s frames=  10284 this_second=121
  t= 86.7s frames=  10405 this_second=121
  t= 87.7s frames=  10526 this_second=121
  t= 88.7s frames=  10647 this_second=121
  t= 89.7s frames=  10768 this_second=121
  t= 90.7s frames=  10889 this_second=121
  t= 91.7s frames=  11010 this_second=121
  t= 92.7s frames=  11131 this_second=121
  t= 93.7s frames=  11252 this_second=121
  t= 94.7s frames=  11373 this_second=121
  t= 95.7s frames=  11494 this_second=121
  t= 96.7s frames=  11615 this_second=121
  t= 97.7s frames=  11736 this_second=121
  t= 98.7s frames=  11857 this_second=121
  t= 99.8s frames=  11978 this_second=121
  t=100.8s frames=  12099 this_second=121
  t=101.8s frames=  12220 this_second=121
  t=102.8s frames=  12341 this_second=121
  t=103.8s frames=  12462 this_second=121
  t=104.8s frames=  12583 this_second=121
  t=105.8s frames=  12704 this_second=121
  t=106.8s frames=  12825 this_second=121
  t=107.8s frames=  12946 this_second=121
  t=108.8s frames=  13067 this_second=121
  t=109.8s frames=  13188 this_second=121
  t=110.8s frames=  13309 this_second=121
  t=111.8s frames=  13430 this_second=121
  t=112.9s frames=  13551 this_second=121
  t=113.9s frames=  13672 this_second=121
  t=114.9s frames=  13793 this_second=121
  t=115.9s frames=  13914 this_second=121
  t=116.9s frames=  14035 this_second=121
  t=117.9s frames=  14156 this_second=121
  t=118.9s frames=  14277 this_second=121
  t=119.9s frames=  14398 this_second=121
RESULT dev=/dev/video0 1920x1200 NV12 frames=14409 wall=120.001s fps=120.07 timeouts=0
GAPS n=14408 median=0.008328s (120.08 fps) min=0.007318 max=0.009207 >1.5x=0 >3x=0
--- vfr rc=0 ---
--- vi0 counters after ---
input => hoff: 0, voff: 0, w: 1920, h: 1200, fmt: GRBG10
output => width: 1920, height: 1200, fmt: NV12
prs_in => x: 1920, y: 1200, hb: 477, hs: 1724
frame => cnt: 14410, lost_cnt: 0, error_cnt: 0
internal => avg: 8(ms), max: 9(ms), min: 7(ms)
--- dmesg since marker ---
frame lost               0
sunxi_isp_reset          0
vblank                   2
3DNR forced off          1
configuration error      0
height error             0
stream off               0
not mapped               0
CSI module               0
sunxi_iommu              0
Oops                     0
BUG:                     0
WARNING:                 0
Call trace               0
--- dmesg lines of interest (tail) ---
[   70.446637] VFRMARK-b2-reverted-1200p120-120s-1992517-1789540746
[   71.483286] sunxi:vin:[INFO]: isp0 sensor 1920x1200 vts 1220 fps 120: vblank 136 us, 3DNR off (limit 500 us)
[   71.492741] sunxi:vin:[INFO]: isp0: 3DNR forced off, sensor vblank 136 us < 500 us

