===================== c12-rebuild-parity =====================
date   : 2026-09-17T01:37:52+08:00
uptime : 64.92 s
module : 79A92954C89CA32A7243DA5 6606471dd039a9c9dcdef94c1555584a  /lib/modules/6.6.98-sun60iw2/updates/vin_v4l2.ko 
args   : -t 60 -d /dev/video0 -w 1920 -h 1200 -f NV12 -p 1/120  (vi0)
marker : VFRMARK-c12-rebuild-parity-2450561-1789580268
--- vi0 counters before ---
input => hoff: 0, voff: 0, w: 0, h: 0, fmt: NULL
output => width: 0, height: 0, fmt: NULL
prs_in => x: 0, y: 0, hb: 0, hs: 0
frame => cnt: 0, lost_cnt: 0, error_cnt: 0
internal => avg: 0(ms), max: 0(ms), min: 0(ms)
--- vfr output ---
input 0: 
requested 1/120 -> got 1/120
fmt NV12 1920x1200 planes=1 sizeimage=3456000 bytesperline=2880
  t=  1.0s frames=    120 this_second=120
  t=  2.0s frames=    241 this_second=121
  t=  3.0s frames=    362 this_second=121
  t=  4.0s frames=    483 this_second=121
  t=  5.0s frames=    604 this_second=121
  t=  6.0s frames=    725 this_second=121
  t=  7.0s frames=    846 this_second=121
  t=  8.1s frames=    967 this_second=121
  t=  9.1s frames=   1088 this_second=121
  t= 10.1s frames=   1209 this_second=121
  t= 11.1s frames=   1330 this_second=121
  t= 12.1s frames=   1451 this_second=121
  t= 13.1s frames=   1572 this_second=121
  t= 14.1s frames=   1693 this_second=121
  t= 15.1s frames=   1814 this_second=121
  t= 16.1s frames=   1935 this_second=121
  t= 17.1s frames=   2056 this_second=121
  t= 18.1s frames=   2177 this_second=121
  t= 19.1s frames=   2298 this_second=121
  t= 20.1s frames=   2419 this_second=121
  t= 21.2s frames=   2540 this_second=121
  t= 22.2s frames=   2661 this_second=121
  t= 23.2s frames=   2782 this_second=121
  t= 24.2s frames=   2903 this_second=121
  t= 25.2s frames=   3024 this_second=121
  t= 26.2s frames=   3145 this_second=121
  t= 27.2s frames=   3266 this_second=121
  t= 28.2s frames=   3387 this_second=121
  t= 29.2s frames=   3508 this_second=121
  t= 30.2s frames=   3629 this_second=121
  t= 31.2s frames=   3750 this_second=121
  t= 32.2s frames=   3871 this_second=121
  t= 33.2s frames=   3992 this_second=121
  t= 34.3s frames=   4113 this_second=121
  t= 35.3s frames=   4234 this_second=121
  t= 36.3s frames=   4355 this_second=121
  t= 37.3s frames=   4476 this_second=121
  t= 38.3s frames=   4597 this_second=121
  t= 39.3s frames=   4718 this_second=121
  t= 40.3s frames=   4839 this_second=121
  t= 41.3s frames=   4960 this_second=121
  t= 42.3s frames=   5081 this_second=121
  t= 43.3s frames=   5202 this_second=121
  t= 44.3s frames=   5323 this_second=121
  t= 45.3s frames=   5444 this_second=121
  t= 46.3s frames=   5565 this_second=121
  t= 47.4s frames=   5686 this_second=121
  t= 48.4s frames=   5807 this_second=121
  t= 49.4s frames=   5928 this_second=121
  t= 50.4s frames=   6049 this_second=121
  t= 51.4s frames=   6170 this_second=121
  t= 52.4s frames=   6291 this_second=121
  t= 53.4s frames=   6412 this_second=121
  t= 54.4s frames=   6533 this_second=121
  t= 55.4s frames=   6654 this_second=121
  t= 56.4s frames=   6775 this_second=121
  t= 57.4s frames=   6896 this_second=121
  t= 58.4s frames=   7017 this_second=121
  t= 59.5s frames=   7138 this_second=121
RESULT dev=/dev/video0 1920x1200 NV12 frames=7204 wall=60.002s fps=120.06 timeouts=0
GAPS n=7203 median=0.008329s (120.07 fps) min=0.008085 max=0.008571 >1.5x=0 >3x=0
--- vfr rc=0 ---
--- vi0 counters after ---
input => hoff: 0, voff: 0, w: 1920, h: 1200, fmt: GRBG10
output => width: 1920, height: 1200, fmt: NV12
prs_in => x: 1920, y: 1200, hb: 477, hs: 1724
frame => cnt: 7205, lost_cnt: 0, error_cnt: 0
internal => avg: 8(ms), max: 8(ms), min: 7(ms)
--- dmesg since marker ---
frame lost               0
sunxi_isp_reset          0
vblank                   2
3DNR forced off          1
configuration error      0
height error             0
stream off               0
not mapped               0
CSI module               0
sunxi_iommu              0
Oops                     0
BUG:                     0
WARNING:                 0
Call trace               0
--- dmesg lines of interest (tail) ---
[   67.191924] VFRMARK-c12-rebuild-parity-2450561-1789580268
[   67.943927] sunxi:vin:[INFO]: camera is on, close dfs
[   67.999438] sunxi:vin:[INFO]: isp0 sensor 1920x1200 vts 1220 fps 120: vblank 136 us, 3DNR off (limit 500 us)
[   68.005585] sunxi:vin:[INFO]: isp0: 3DNR forced off, sensor vblank 136 us < 500 us
[  128.356849] sunxi:vin:[INFO]: camera is off, open dfs

