===================== c15b-fix-136-2 =====================
date   : 2026-09-17T02:07:48+08:00
uptime : 845.85 s
module : BA48201D23BA4260923B53E 375f6f4f5c15f72b2d2323f32e7af087  /lib/modules/6.6.98-sun60iw2/updates/vin_v4l2.ko 
args   : -t 6 -d /dev/video0 -w 1920 -h 1080 -f NV12 -p 1/136  (vi0)
marker : VFRMARK-c15b-fix-136-2-2471666-1789582064
--- vi0 counters before ---
input => hoff: 0, voff: 0, w: 1920, h: 1080, fmt: GRBG10
output => width: 1920, height: 1080, fmt: NV12
prs_in => x: 1920, y: 1080, hb: 477, hs: 1724
frame => cnt: 793, lost_cnt: 0, error_cnt: 0
internal => avg: 7(ms), max: 8(ms), min: 7(ms)
--- vfr output ---
input 0: 
requested 1/136 -> got 1/136
fmt NV12 1920x1080 planes=1 sizeimage=3110400 bytesperline=2880
  [0.1s] no frame for >1s (frames=10)
  [1.1s] no frame for >1s (frames=10)
  [2.1s] no frame for >1s (frames=10)
  [3.1s] no frame for >1s (frames=10)
  [4.1s] no frame for >1s (frames=10)
  [5.1s] no frame for >1s (frames=10)
RESULT dev=/dev/video0 1920x1080 NV12 frames=10 wall=6.086s fps=1.64 timeouts=6
GAPS n=9 median=0.007469s (133.88 fps) min=0.007419 max=0.007611 >1.5x=0 >3x=0
--- vfr rc=0 ---
--- vi0 counters after ---
input => hoff: 0, voff: 0, w: 1920, h: 1080, fmt: GRBG10
output => width: 1920, height: 1080, fmt: NV12
prs_in => x: 1920, y: 0, hb: 477, hs: 1724
frame => cnt: 1, lost_cnt: 1, error_cnt: 0
internal => avg: 7(ms), max: 8(ms), min: 7(ms)
--- dmesg since marker ---
frame lost               401
sunxi_isp_reset          401
vblank                   2
3DNR forced off          1
configuration error      0
height error             0
stream off               0
not mapped               0
CSI module               0
sunxi_iommu              0
Oops                     0
BUG:                     0
WARNING:                 0
Call trace               0
--- dmesg lines of interest (tail) ---
[  848.331989] VFRMARK-c15b-fix-136-2-2471666-1789582064
[  849.139054] sunxi:vin:[INFO]: isp0 sensor 1920x1080 vts 1096 fps 133: vblank 109 us, 3DNR off (limit 500 us)
[  849.147961] sunxi:vin:[INFO]: isp0: 3DNR forced off, sensor vblank 109 us < 500 us

