===================== c15b-133-s4 =====================
date   : 2026-09-17T02:00:29+08:00
uptime : 406.75 s
module : BA48201D23BA4260923B53E 375f6f4f5c15f72b2d2323f32e7af087  /lib/modules/6.6.98-sun60iw2/updates/vin_v4l2.ko 
args   : -t 6 -d /dev/video0 -w 1920 -h 1080 -f NV12 -p 1/133  (vi0)
marker : VFRMARK-c15b-133-s4-2465605-1789581625
--- vi0 counters before ---
input => hoff: 0, voff: 0, w: 1920, h: 1080, fmt: GRBG10
output => width: 1920, height: 1080, fmt: NV12
prs_in => x: 1920, y: 0, hb: 477, hs: 1724
frame => cnt: 0, lost_cnt: 0, error_cnt: 0
internal => avg: 7(ms), max: 8(ms), min: 7(ms)
--- vfr output ---
input 0: 
requested 1/133 -> got 1/133
fmt NV12 1920x1080 planes=1 sizeimage=3110400 bytesperline=2880
  [0.0s] no frame for >1s (frames=4)
  [1.0s] no frame for >1s (frames=4)
  [2.0s] no frame for >1s (frames=4)
  [3.1s] no frame for >1s (frames=4)
  [4.1s] no frame for >1s (frames=4)
  [5.1s] no frame for >1s (frames=4)
RESULT dev=/dev/video0 1920x1080 NV12 frames=4 wall=6.053s fps=0.66 timeouts=6
GAPS n=3 median=0.007483s (133.64 fps) min=0.007444 max=0.007612 >1.5x=0 >3x=0
--- vfr rc=0 ---
--- vi0 counters after ---
input => hoff: 0, voff: 0, w: 1920, h: 1080, fmt: GRBG10
output => width: 1920, height: 1080, fmt: NV12
prs_in => x: 1920, y: 0, hb: 477, hs: 1724
frame => cnt: 0, lost_cnt: 0, error_cnt: 0
internal => avg: 7(ms), max: 8(ms), min: 7(ms)
--- dmesg since marker ---
frame lost               400
sunxi_isp_reset          400
vblank                   2
3DNR forced off          1
configuration error      0
height error             0
stream off               0
not mapped               0
CSI module               0
sunxi_iommu              0
Oops                     0
BUG:                     0
WARNING:                 0
Call trace               0
--- dmesg lines of interest (tail) ---
[  409.266706] VFRMARK-c15b-133-s4-2465605-1789581625
[  410.068884] sunxi:vin:[INFO]: isp0 sensor 1920x1080 vts 1100 fps 133: vblank 136 us, 3DNR off (limit 500 us)
[  410.074733] sunxi:vin:[INFO]: isp0: 3DNR forced off, sensor vblank 136 us < 500 us

