===================== c15b-133-s1 =====================
date   : 2026-09-17T01:57:36+08:00
uptime : 233.62 s
module : BA48201D23BA4260923B53E 375f6f4f5c15f72b2d2323f32e7af087  /lib/modules/6.6.98-sun60iw2/updates/vin_v4l2.ko 
args   : -t 6 -d /dev/video0 -w 1920 -h 1080 -f NV12 -p 1/133  (vi0)
marker : VFRMARK-c15b-133-s1-2463594-1789581452
--- vi0 counters before ---
input => hoff: 0, voff: 0, w: 1920, h: 1080, fmt: GRBG10
output => width: 1920, height: 1080, fmt: NV12
prs_in => x: 1920, y: 1080, hb: 478, hs: 1724
frame => cnt: 792, lost_cnt: 1, error_cnt: 0
internal => avg: 7(ms), max: 8(ms), min: 7(ms)
--- vfr output ---
input 0: 
requested 1/133 -> got 1/133
fmt NV12 1920x1080 planes=1 sizeimage=3110400 bytesperline=2880
  [0.1s] no frame for >1s (frames=6)
  [1.1s] no frame for >1s (frames=6)
  [2.1s] no frame for >1s (frames=6)
  [3.1s] no frame for >1s (frames=6)
  [4.1s] no frame for >1s (frames=6)
  [5.1s] no frame for >1s (frames=6)
RESULT dev=/dev/video0 1920x1080 NV12 frames=6 wall=6.061s fps=0.99 timeouts=6
GAPS n=5 median=0.007519s (132.99 fps) min=0.007312 max=0.007618 >1.5x=0 >3x=0
--- vfr rc=0 ---
--- vi0 counters after ---
input => hoff: 0, voff: 0, w: 1920, h: 1080, fmt: GRBG10
output => width: 1920, height: 1080, fmt: NV12
prs_in => x: 1920, y: 0, hb: 477, hs: 1724
frame => cnt: 0, lost_cnt: 0, error_cnt: 0
internal => avg: 7(ms), max: 8(ms), min: 7(ms)
--- dmesg since marker ---
frame lost               401
sunxi_isp_reset          402
vblank                   2
3DNR forced off          1
configuration error      1
height error             1
stream off               0
not mapped               0
CSI module               0
sunxi_iommu              0
Oops                     0
BUG:                     0
WARNING:                 0
Call trace               0
--- dmesg lines of interest (tail) ---
[  236.083510] VFRMARK-c15b-133-s1-2463594-1789581452
[  236.955552] sunxi:vin:[INFO]: isp0 sensor 1920x1080 vts 1100 fps 133: vblank 136 us, 3DNR off (limit 500 us)
[  236.961400] sunxi:vin:[INFO]: isp0: 3DNR forced off, sensor vblank 136 us < 500 us
[  237.341432] sunxi:vin:[ERR]: isp0 configuration error
[  237.341465] sunxi:vin:[ERR]: isp0 height error

