===================== c15b-clamp-136-2 =====================
date   : 2026-09-17T02:10:28+08:00
uptime : 1005.23 s
module : BA48201D23BA4260923B53E 375f6f4f5c15f72b2d2323f32e7af087  /lib/modules/6.6.98-sun60iw2/updates/vin_v4l2.ko 
args   : -t 6 -d /dev/video0 -w 1920 -h 1080 -f NV12 -p 1/136  (vi0)
marker : VFRMARK-c15b-clamp-136-2-2473620-1789582223
--- vi0 counters before ---
input => hoff: 0, voff: 0, w: 1920, h: 1080, fmt: GRBG10
output => width: 1920, height: 1080, fmt: NV12
prs_in => x: 1920, y: 1080, hb: 477, hs: 1724
frame => cnt: 722, lost_cnt: 1, error_cnt: 0
internal => avg: 8(ms), max: 8(ms), min: 7(ms)
--- vfr output ---
input 0: 
requested 1/136 -> got 1/136
fmt NV12 1920x1080 planes=1 sizeimage=3110400 bytesperline=2880
  t=  1.0s frames=    120 this_second=120
  t=  2.0s frames=    241 this_second=121
  t=  3.0s frames=    362 this_second=121
  t=  4.0s frames=    483 this_second=121
  t=  5.0s frames=    604 this_second=121
RESULT dev=/dev/video0 1920x1080 NV12 frames=721 wall=6.006s fps=120.04 timeouts=0
GAPS n=720 median=0.008330s (120.05 fps) min=0.007426 max=0.008462 >1.5x=0 >3x=0
--- vfr rc=0 ---
--- vi0 counters after ---
input => hoff: 0, voff: 0, w: 1920, h: 1080, fmt: GRBG10
output => width: 1920, height: 1080, fmt: NV12
prs_in => x: 1920, y: 1080, hb: 477, hs: 1724
frame => cnt: 722, lost_cnt: 0, error_cnt: 0
internal => avg: 8(ms), max: 8(ms), min: 7(ms)
--- dmesg since marker ---
frame lost               0
sunxi_isp_reset          0
vblank                   2
3DNR forced off          1
configuration error      0
height error             0
stream off               0
not mapped               0
CSI module               0
sunxi_iommu              0
Oops                     0
BUG:                     0
WARNING:                 0
Call trace               0
--- dmesg lines of interest (tail) ---
[ 1007.721218] VFRMARK-c15b-clamp-136-2-2473620-1789582223
[ 1008.518043] sunxi:vin:[INFO]: isp0 sensor 1920x1080 vts 1096 fps 133: vblank 109 us, 3DNR off (limit 500 us)
[ 1008.523915] sunxi:vin:[INFO]: isp0: 3DNR forced off, sensor vblank 109 us < 500 us

