===================== c15b-fps133 =====================
date   : 2026-09-17T01:48:52+08:00
uptime : 126.00 s
module : 79A92954C89CA32A7243DA5 6606471dd039a9c9dcdef94c1555584a  /lib/modules/6.6.98-sun60iw2/updates/vin_v4l2.ko 
args   : -t 8 -d /dev/video0 -w 1920 -h 1080 -f NV12 -p 1/133  (vi0)
marker : VFRMARK-c15b-fps133-2456695-1789580928
--- vi0 counters before ---
input => hoff: 0, voff: 0, w: 0, h: 0, fmt: NULL
output => width: 0, height: 0, fmt: NULL
prs_in => x: 0, y: 0, hb: 0, hs: 0
frame => cnt: 0, lost_cnt: 0, error_cnt: 0
internal => avg: 0(ms), max: 0(ms), min: 0(ms)
--- vfr output ---
input 0: 
requested 1/133 -> got 1/133
fmt NV12 1920x1080 planes=1 sizeimage=3110400 bytesperline=2880
  [0.1s] no frame for >1s (frames=8)
  [1.1s] no frame for >1s (frames=8)
  [2.1s] no frame for >1s (frames=8)
  [3.1s] no frame for >1s (frames=8)
  [4.1s] no frame for >1s (frames=8)
  [5.1s] no frame for >1s (frames=8)
  [6.1s] no frame for >1s (frames=8)
  [7.1s] no frame for >1s (frames=8)
RESULT dev=/dev/video0 1920x1080 NV12 frames=8 wall=8.071s fps=0.99 timeouts=8
GAPS n=7 median=0.007514s (133.08 fps) min=0.007503 max=0.007531 >1.5x=0 >3x=0
--- vfr rc=0 ---
--- vi0 counters after ---
input => hoff: 0, voff: 0, w: 1920, h: 1080, fmt: GRBG10
output => width: 1920, height: 1080, fmt: NV12
prs_in => x: 1920, y: 0, hb: 477, hs: 1724
frame => cnt: 0, lost_cnt: 0, error_cnt: 0
internal => avg: 7(ms), max: 7(ms), min: 7(ms)
--- dmesg since marker ---
frame lost               533
sunxi_isp_reset          533
vblank                   2
3DNR forced off          1
configuration error      0
height error             0
stream off               0
not mapped               0
CSI module               0
sunxi_iommu              0
Oops                     0
BUG:                     0
WARNING:                 0
Call trace               0
--- dmesg lines of interest (tail) ---
[  128.486150] VFRMARK-c15b-fps133-2456695-1789580928
[  129.311119] sunxi:vin:[INFO]: camera is on, close dfs
[  129.368246] sunxi:vin:[INFO]: isp0 sensor 1920x1080 vts 1100 fps 133: vblank 136 us, 3DNR off (limit 500 us)
[  129.374051] sunxi:vin:[INFO]: isp0: 3DNR forced off, sensor vblank 136 us < 500 us
[  137.783141] sunxi:vin:[INFO]: camera is off, open dfs

