===================== isp01-on-0008 =====================
date   : 2026-09-16T16:25:04+08:00
uptime : 45.79 s
module : 659707E6FD376A25E1E38CB 9899a15c89ebd6ee0126228fa9714d35  /lib/modules/6.6.98-sun60iw2/updates/vin_v4l2.ko 
args   : -t 30 -d /dev/video0 -w 1920 -h 1200 -f NV12 -p 1/120  (vi0)
marker : VFRMARK-isp01-on-0008-2054762-1789547100
--- vi0 counters before ---
input => hoff: 0, voff: 0, w: 0, h: 0, fmt: NULL
output => width: 0, height: 0, fmt: NULL
prs_in => x: 0, y: 0, hb: 0, hs: 0
frame => cnt: 0, lost_cnt: 0, error_cnt: 0
internal => avg: 0(ms), max: 0(ms), min: 0(ms)
--- vfr output ---
input 0: 
requested 1/120 -> got 1/120
fmt NV12 1920x1200 planes=1 sizeimage=3456000 bytesperline=2880
  [0.0s] no frame for >1s (frames=0)
  [1.0s] no frame for >1s (frames=0)
  [2.0s] no frame for >1s (frames=0)
  [3.0s] no frame for >1s (frames=0)
  [4.0s] no frame for >1s (frames=0)
  [5.0s] no frame for >1s (frames=0)
  [6.0s] no frame for >1s (frames=0)
  [7.0s] no frame for >1s (frames=0)
  [8.0s] no frame for >1s (frames=0)
  [9.0s] no frame for >1s (frames=0)
  [10.0s] no frame for >1s (frames=0)
  [11.0s] no frame for >1s (frames=0)
  [12.0s] no frame for >1s (frames=0)
  [13.0s] no frame for >1s (frames=0)
  [14.0s] no frame for >1s (frames=0)
  [15.0s] no frame for >1s (frames=0)
  [16.0s] no frame for >1s (frames=0)
  [17.0s] no frame for >1s (frames=0)
  [18.0s] no frame for >1s (frames=0)
  [19.0s] no frame for >1s (frames=0)
  [20.0s] no frame for >1s (frames=0)
  [21.0s] no frame for >1s (frames=0)
  [22.0s] no frame for >1s (frames=0)
  [23.0s] no frame for >1s (frames=0)
  [24.0s] no frame for >1s (frames=0)
  [25.0s] no frame for >1s (frames=0)
  [26.0s] no frame for >1s (frames=0)
  [27.0s] no frame for >1s (frames=0)
  [28.0s] no frame for >1s (frames=0)
  [29.0s] no frame for >1s (frames=0)
RESULT dev=/dev/video0 1920x1200 NV12 frames=0 wall=30.034s fps=0.00 timeouts=30
--- vfr rc=0 ---
--- vi0 counters after ---
input => hoff: 0, voff: 0, w: 1920, h: 1200, fmt: GRBG10
output => width: 1920, height: 1200, fmt: NV12
prs_in => x: 1920, y: 0, hb: 478, hs: 1724
frame => cnt: 0, lost_cnt: 0, error_cnt: 0
internal => avg: 0(ms), max: 0(ms), min: 0(ms)
--- dmesg since marker ---
frame lost               0
sunxi_isp_reset          0
vblank                   0
3DNR forced off          0
configuration error      0
height error             0
stream off               0
not mapped               0
CSI module               0
sunxi_iommu              0
Oops                     0
BUG:                     0
WARNING:                 0
Call trace               0
--- dmesg lines of interest (tail) ---

