[?2004l[  204.997216] systemd-shutdown[1]: Failed to set timeout to 10min: Invalid argument
[  205.424495] npu[1][1] unregister cooling
[  205.424982] npu[1][1] remove opp freq: 492000000
[  205.425104] npu[1][1] remove opp freq: 852000000
......


[110]HELLO! BOOT0 is starting!
[113]BOOT0 commit : {4721ad08}
[116]board gpio withstand voltage auto mode
[131]vaild para:4  select dram para0
[135]rtc[3] value = 0xa301
[mmc]: mmc driver ver 2025-10-16 17:10
[mmc]: Wrong media type 0x0
[mmc]: ***Try SD card 0***
[mmc]: HSSDR52/SDR25 4 bit
[mmc]: 50000000 Hz
[mmc]: 29822 MB
[mmc]: ***SD/MMC 0 init OK!!!***
[171]boot param - magic error 
[174]DRAM BOOT DRIVE INFO: V0.6034
[179]DRAM_VCC set to 560 mv
[181]DRAM CLK =2400 MHZ
[184]DRAM Type =9 (8:LPDDR4,9:LPDDR5)
[330]Training result is = 7
[333]DRAM Pstate 1 training, frequency is 1200 Mhz
[511]Training result is = 7
[513]DRAM Pstate 2 training, frequency is 800 Mhz
[857]Training result is = 7
[859]DRAM Pstate 3 training, frequency is 400 Mhz
[4608]Training result is = 7
[4611]DRAM Pstate 0 training, frequency is 2400 Mhz
[4620]Actual DRAM SIZE =4096 M
[4623]DRAM SIZE =4096 MBytes, para1 = a0fa, para2 = 10001001, dram_tpr13 = 65
[4637]DRAM simple test OK.
[4703]error: dtb not found for scp
[4706]mmc not para
[4708]Jump to ATF: monitor_base = 0x48000000, uboot_base = 0x4a000000, optee_base = 0x0
NOTICE:  BL31: OP-TEE 32bit detected
NOTICE:  BL31: U-BOOT 32bit detected
NOTICE:  BL31: v2.5(debug):7dddb263a-dirty
NOTICE:  BL31: Built : 21:40:11, Dec 30 2024
NOTICE:  BL31: No DTB found.
ERROR:   Error initializing runtime service opteed_fast
amp fw boot before!!!
amp fw boot after!!!


U-Boot 2018.07-orangepi-config-dirty (Sep 26 2026 - 02:25:07 +0800) Allwinner Technology

[04.763]CPU:   Allwinner Family
[04.766]Model: sun60iw2
I2C:   ready
[04.827]DRAM:  4 GiB
[04.835]Relocation Offset is: 6dd91000
[05.161]secure enable bit: 0
[05.165]PMU: AXP8191
[05.167]PMU: AXP8191 VER_A
[05.172]bmu_axp515_probe pmic_bus_read fail
[05.176][AXP8191] onoff status: 0x50 = 0x0, 0x51 = 0x0
[05.180][AXP8191] charge status: 0x4 = 0x1
[05.184]CPU=1014 MHz,PLL6=1200 Mhz,AHB=200 Mhz, APB1=24Mhz  MBus=600Mhz
[05.191]gic: sec monitor mode
SPI ALL:   ready
[05.234]flash init start
[05.236]workmode = 0,storage type = 1
[05.240][mmc]: mmc driver ver uboot2018:2024-10-18 9:01:00 -- uboot2018:2025-03-28 10:03:00
[05.248][mmc]: get sdc_type fail and use default host:tm1.
[05.256][mmc]: can't find node "mmc0",will add new node
[05.261][mmc]: fdt err returned <no error>
[05.264][mmc]: Using default timing para
[05.268][mmc]: SUNXI SDMMC Controller Version:0x50530
[05.287][mmc]: card_caps:0x3000000a
[05.290][mmc]: host_caps:0x3000003f
[05.293]sunxi flash init ok
get value error
[05.298]Loading Environment from EXT4... ** No device specified **
Failed (-5)
No ethernet found.
[05.337]NOT support bridge yet
[05.340]Warn: no find panel or bridge
[05.344]hdmi0@5520000 disconnected
[05.347]bad framebuffer width 0
test
[05.351]drm_framebuffer_alloc fail!
[05.354]Get sunxi drm device fail!
[05.359]battery temp is -1
[05.366](not enough data: expected >= 8 cells, got 4 cells)
Link up timeout
Speed change timeout
PCIe speed of Gen1
[ufs]info:Driver version 0.0.24 2024.12.30 16:00
Hit any key to stop autoboot:  1  0 
mmc0 is current device
Scanning mmc 0:1...
Found U-Boot script /boot/boot.scr
2996 bytes read in 6 ms (487.3 KiB/s)
## Executing script at 43100000
Boot script loaded from mmc 0
215 bytes read in 6 ms (34.2 KiB/s)
8645122 bytes read in 377 ms (21.9 MiB/s)
33966152 bytes read in 1439 ms (22.5 MiB/s)
213670 bytes read in 36 ms (5.7 MiB/s)
## Booting kernel from Legacy Image at 41000000 ...
   Image Name:   Linux kernel
   Image Type:   ARM Linux Kernel Image (uncompressed)
   Data Size:    33966088 Bytes = 32.4 MiB
   Load Address: 41000000
   Entry Point:  41000000
   Verifying Checksum ... OK
## Loading init Ramdisk from Legacy Image at 45000000 ...
   Image Name:   uInitrd
   Image Type:   ARM Linux RAMDisk Image (gzip compressed)
   Data Size:    8645058 Bytes = 8.2 MiB
   Load Address: 00000000
   Entry Point:  00000000
   Verifying Checksum ... OK
## Flattened Device Tree blob at 44000000
   Booting using the fdt blob at 0x44000000
   Loading Ramdisk to 497c1000, end 49fff9c2 ... OK
[11.917]Starting kernel ...

[11.920]total: 11920 ms

[11.922][mmc]: MMC Device 2 not found
[11.925][mmc]: mmc 2 not find, so not exit
[12.555]get_sunxi_drm_connector_by_device fail!
[12.560]Failed to found available display route
NOTICE:  [SCP] :wait arisc ready....
NOTICE:  [SCP] :arisc version: []
NOTICE:  [SCP] :arisc startup ready
NOTICE:  [SCP] :arisc startup notify message feedback
NOTICE:  [SCP] :sunxi-arisc driver is starting
NOTICE:  BL3-1: Next image address = 0x41000000
NOTICE:  BL3-1: Next image spsr = 0x3c5
[    0.000000] AW BSP version: 7b992010f2-dirty, 2025-04-29 09:35:36
[    0.000000] AW BSP version: 7b992010f2-dirty, 2025-04-29 09:35:36

orangepizero3w login: orangepi (automatic login)

