===================== c15b-fps133-no3a =====================
date   : 2026-09-17T01:55:23+08:00
uptime : 100.45 s
module : BA48201D23BA4260923B53E 375f6f4f5c15f72b2d2323f32e7af087  /lib/modules/6.6.98-sun60iw2/updates/vin_v4l2.ko 
args   : -t 8 -d /dev/video0 -w 1920 -h 1080 -f NV12 -p 1/133  (vi0)
marker : VFRMARK-c15b-fps133-no3a-2461653-1789581319
--- vi0 counters before ---
input => hoff: 0, voff: 0, w: 1920, h: 1080, fmt: GRBG10
output => width: 1920, height: 1080, fmt: NV12
prs_in => x: 1920, y: 0, hb: 477, hs: 1724
frame => cnt: 0, lost_cnt: 0, error_cnt: 0
internal => avg: 7(ms), max: 7(ms), min: 7(ms)
--- vfr output ---
input 0: 
requested 1/133 -> got 1/133
fmt NV12 1920x1080 planes=1 sizeimage=3110400 bytesperline=2880
  t=  1.0s frames=    131 this_second=131
  t=  2.0s frames=    265 this_second=134
  t=  3.0s frames=    399 this_second=134
  t=  4.0s frames=    533 this_second=134
  t=  5.0s frames=    667 this_second=134
  t=  6.0s frames=    801 this_second=134
  t=  7.0s frames=    935 this_second=134
RESULT dev=/dev/video0 1920x1080 NV12 frames=1063 wall=8.004s fps=132.82 timeouts=0
GAPS n=1062 median=0.007514s (133.09 fps) min=0.007186 max=0.007839 >1.5x=0 >3x=0
--- vfr rc=0 ---
--- vi0 counters after ---
input => hoff: 0, voff: 0, w: 1920, h: 1080, fmt: GRBG10
output => width: 1920, height: 1080, fmt: NV12
prs_in => x: 1920, y: 1080, hb: 477, hs: 1724
frame => cnt: 1065, lost_cnt: 1, error_cnt: 0
internal => avg: 7(ms), max: 7(ms), min: 7(ms)
--- dmesg since marker ---
frame lost               0
sunxi_isp_reset          0
vblank                   2
3DNR forced off          1
configuration error      0
height error             0
stream off               0
not mapped               0
CSI module               0
sunxi_iommu              0
Oops                     0
BUG:                     0
WARNING:                 0
Call trace               0
--- dmesg lines of interest (tail) ---
[  102.825557] VFRMARK-c15b-fps133-no3a-2461653-1789581319
[  103.867032] sunxi:vin:[INFO]: isp0 sensor 1920x1080 vts 1100 fps 133: vblank 136 us, 3DNR off (limit 500 us)
[  103.872818] sunxi:vin:[INFO]: isp0: 3DNR forced off, sensor vblank 136 us < 500 us

