===================== c15b-final-1200p120 =====================
date   : 2026-09-17T02:12:37+08:00
uptime : 1134.76 s
module : BA48201D23BA4260923B53E 375f6f4f5c15f72b2d2323f32e7af087  /lib/modules/6.6.98-sun60iw2/updates/vin_v4l2.ko 
args   : -t 30 -d /dev/video0 -w 1920 -h 1200 -f NV12 -p 1/120  (vi0)
marker : VFRMARK-c15b-final-1200p120-2475529-1789582353
--- vi0 counters before ---
input => hoff: 0, voff: 0, w: 1920, h: 1080, fmt: GRBG10
output => width: 1920, height: 1080, fmt: NV12
prs_in => x: 1920, y: 1080, hb: 477, hs: 1724
frame => cnt: 722, lost_cnt: 0, error_cnt: 0
internal => avg: 8(ms), max: 8(ms), min: 7(ms)
--- vfr output ---
input 0: 
requested 1/120 -> got 1/120
fmt NV12 1920x1200 planes=1 sizeimage=3456000 bytesperline=2880
  t=  1.0s frames=    120 this_second=120
  t=  2.0s frames=    241 this_second=121
  t=  3.0s frames=    362 this_second=121
  t=  4.0s frames=    483 this_second=121
  t=  5.0s frames=    604 this_second=121
  t=  6.0s frames=    725 this_second=121
  t=  7.1s frames=    846 this_second=121
  t=  8.1s frames=    967 this_second=121
  t=  9.1s frames=   1088 this_second=121
  t= 10.1s frames=   1209 this_second=121
  t= 11.1s frames=   1330 this_second=121
  t= 12.1s frames=   1451 this_second=121
  t= 13.1s frames=   1572 this_second=121
  t= 14.1s frames=   1693 this_second=121
  t= 15.1s frames=   1814 this_second=121
  t= 16.1s frames=   1935 this_second=121
  t= 17.1s frames=   2056 this_second=121
  t= 18.1s frames=   2177 this_second=121
  t= 19.1s frames=   2298 this_second=121
  t= 20.2s frames=   2419 this_second=121
  t= 21.2s frames=   2540 this_second=121
  t= 22.2s frames=   2661 this_second=121
  t= 23.2s frames=   2782 this_second=121
  t= 24.2s frames=   2903 this_second=121
  t= 25.2s frames=   3024 this_second=121
  t= 26.2s frames=   3145 this_second=121
  t= 27.2s frames=   3266 this_second=121
  t= 28.2s frames=   3387 this_second=121
  t= 29.2s frames=   3508 this_second=121
RESULT dev=/dev/video0 1920x1200 NV12 frames=3601 wall=30.003s fps=120.02 timeouts=0
GAPS n=3600 median=0.008330s (120.05 fps) min=0.008077 max=0.008581 >1.5x=0 >3x=0
--- vfr rc=0 ---
--- vi0 counters after ---
input => hoff: 0, voff: 0, w: 1920, h: 1200, fmt: GRBG10
output => width: 1920, height: 1200, fmt: NV12
prs_in => x: 1920, y: 1200, hb: 478, hs: 1723
frame => cnt: 3602, lost_cnt: 0, error_cnt: 0
internal => avg: 8(ms), max: 8(ms), min: 7(ms)
--- dmesg since marker ---
frame lost               0
sunxi_isp_reset          0
vblank                   2
3DNR forced off          1
configuration error      0
height error             0
stream off               0
not mapped               0
CSI module               0
sunxi_iommu              0
Oops                     0
BUG:                     0
WARNING:                 0
Call trace               0
--- dmesg lines of interest (tail) ---
[ 1137.150081] VFRMARK-c15b-final-1200p120-2475529-1789582353
[ 1137.999692] sunxi:vin:[INFO]: isp0 sensor 1920x1200 vts 1220 fps 120: vblank 136 us, 3DNR off (limit 500 us)
[ 1138.005884] sunxi:vin:[INFO]: isp0: 3DNR forced off, sensor vblank 136 us < 500 us
[ 1138.429572] systemd-journald[610]: Failed to create new user journal: No space left on device
[ 1138.462380] systemd-journald[610]: Failed to read journal file /var/log/journal/234c9a3c13d3420fa4966a4fc92d3842/user-1000.journal for rotation, trying to move it out of the way: Bad message

