===================== c15b-fix-136-1 =====================
date   : 2026-09-17T02:07:20+08:00
uptime : 817.25 s
module : BA48201D23BA4260923B53E 375f6f4f5c15f72b2d2323f32e7af087  /lib/modules/6.6.98-sun60iw2/updates/vin_v4l2.ko 
args   : -t 6 -d /dev/video0 -w 1920 -h 1080 -f NV12 -p 1/136  (vi0)
marker : VFRMARK-c15b-fix-136-1-2471238-1789582036
--- vi0 counters before ---
input => hoff: 0, voff: 0, w: 1920, h: 1080, fmt: GRBG10
output => width: 1920, height: 1080, fmt: NV12
prs_in => x: 1920, y: 1080, hb: 477, hs: 1724
frame => cnt: 799, lost_cnt: 0, error_cnt: 0
internal => avg: 7(ms), max: 8(ms), min: 7(ms)
--- vfr output ---
input 0: 
requested 1/136 -> got 1/136
fmt NV12 1920x1080 planes=1 sizeimage=3110400 bytesperline=2880
  t=  1.0s frames=    132 this_second=132
  t=  2.0s frames=    265 this_second=133
  t=  3.0s frames=    398 this_second=133
  t=  4.0s frames=    531 this_second=133
  t=  5.0s frames=    664 this_second=133
RESULT dev=/dev/video0 1920x1080 NV12 frames=792 wall=6.005s fps=131.90 timeouts=0
GAPS n=791 median=0.007574s (132.03 fps) min=0.007370 max=0.007770 >1.5x=0 >3x=0
--- vfr rc=0 ---
--- vi0 counters after ---
input => hoff: 0, voff: 0, w: 1920, h: 1080, fmt: GRBG10
output => width: 1920, height: 1080, fmt: NV12
prs_in => x: 1920, y: 1080, hb: 477, hs: 1724
frame => cnt: 793, lost_cnt: 0, error_cnt: 0
internal => avg: 7(ms), max: 8(ms), min: 7(ms)
--- dmesg since marker ---
frame lost               0
sunxi_isp_reset          0
vblank                   2
3DNR forced off          1
configuration error      0
height error             0
stream off               0
not mapped               0
CSI module               0
sunxi_iommu              0
Oops                     0
BUG:                     0
WARNING:                 0
Call trace               0
--- dmesg lines of interest (tail) ---
[  819.781898] VFRMARK-c15b-fix-136-1-2471238-1789582036
[  820.682643] sunxi:vin:[INFO]: isp0 sensor 1920x1080 vts 1096 fps 133: vblank 109 us, 3DNR off (limit 500 us)
[  820.688491] sunxi:vin:[INFO]: isp0: 3DNR forced off, sensor vblank 109 us < 500 us

