===================== c15b-fps120-check =====================
date   : 2026-09-17T01:52:00+08:00
uptime : 314.01 s
module : 79A92954C89CA32A7243DA5 6606471dd039a9c9dcdef94c1555584a  /lib/modules/6.6.98-sun60iw2/updates/vin_v4l2.ko 
args   : -t 8 -d /dev/video0 -w 1920 -h 1080 -f NV12 -p 1/120  (vi0)
marker : VFRMARK-c15b-fps120-check-2459231-1789581116
--- vi0 counters before ---
input => hoff: 0, voff: 0, w: 1920, h: 1080, fmt: GRBG10
output => width: 1920, height: 1080, fmt: NV12
prs_in => x: 1920, y: 0, hb: 477, hs: 1724
frame => cnt: 0, lost_cnt: 0, error_cnt: 0
internal => avg: 7(ms), max: 7(ms), min: 7(ms)
--- vfr output ---
input 0: 
requested 1/120 -> got 1/120
fmt NV12 1920x1080 planes=1 sizeimage=3110400 bytesperline=2880
  t=  1.0s frames=    119 this_second=119
  t=  2.0s frames=    240 this_second=121
  t=  3.0s frames=    361 this_second=121
  t=  4.0s frames=    482 this_second=121
  t=  5.0s frames=    603 this_second=121
  t=  6.0s frames=    724 this_second=121
  t=  7.1s frames=    845 this_second=121
RESULT dev=/dev/video0 1920x1080 NV12 frames=959 wall=8.002s fps=119.84 timeouts=0
GAPS n=958 median=0.008330s (120.05 fps) min=0.007950 max=0.008684 >1.5x=0 >3x=0
--- vfr rc=0 ---
--- vi0 counters after ---
input => hoff: 0, voff: 0, w: 1920, h: 1080, fmt: GRBG10
output => width: 1920, height: 1080, fmt: NV12
prs_in => x: 1920, y: 1080, hb: 478, hs: 1724
frame => cnt: 961, lost_cnt: 1, error_cnt: 0
internal => avg: 8(ms), max: 8(ms), min: 7(ms)
--- dmesg since marker ---
frame lost               0
sunxi_isp_reset          0
vblank                   1
3DNR forced off          0
configuration error      0
height error             0
stream off               0
not mapped               0
CSI module               0
sunxi_iommu              0
Oops                     0
BUG:                     0
WARNING:                 0
Call trace               0
--- dmesg lines of interest (tail) ---
[  316.437651] VFRMARK-c15b-fps120-check-2459231-1789581116
[  317.195484] sunxi:vin:[INFO]: camera is on, close dfs
[  317.251581] sunxi:vin:[INFO]: isp0 sensor 1920x1080 vts 1220 fps 120: vblank 956 us, 3DNR allowed (limit 500 us)
[  325.602491] sunxi:vin:[INFO]: camera is off, open dfs

