===================== c15b-fps133-3a-log =====================
date   : 2026-09-17T01:56:09+08:00
uptime : 146.21 s
module : BA48201D23BA4260923B53E 375f6f4f5c15f72b2d2323f32e7af087  /lib/modules/6.6.98-sun60iw2/updates/vin_v4l2.ko 
args   : -t 8 -d /dev/video0 -w 1920 -h 1080 -f NV12 -p 1/133  (vi0)
marker : VFRMARK-c15b-fps133-3a-log-2462289-1789581364
--- vi0 counters before ---
input => hoff: 0, voff: 0, w: 1920, h: 1080, fmt: GRBG10
output => width: 1920, height: 1080, fmt: NV12
prs_in => x: 1920, y: 1080, hb: 477, hs: 1724
frame => cnt: 1065, lost_cnt: 1, error_cnt: 0
internal => avg: 7(ms), max: 7(ms), min: 7(ms)
--- vfr output ---
input 0: 
requested 1/133 -> got 1/133
fmt NV12 1920x1080 planes=1 sizeimage=3110400 bytesperline=2880
  [0.0s] no frame for >1s (frames=5)
  [1.0s] no frame for >1s (frames=5)
  [2.0s] no frame for >1s (frames=5)
  [3.0s] no frame for >1s (frames=5)
  [4.1s] no frame for >1s (frames=5)
  [5.1s] no frame for >1s (frames=5)
  [6.1s] no frame for >1s (frames=5)
  [7.1s] no frame for >1s (frames=5)
RESULT dev=/dev/video0 1920x1080 NV12 frames=5 wall=8.055s fps=0.62 timeouts=8
GAPS n=4 median=0.007543s (132.58 fps) min=0.007473 max=0.007616 >1.5x=0 >3x=0
--- vfr rc=0 ---
--- vi0 counters after ---
input => hoff: 0, voff: 0, w: 1920, h: 1080, fmt: GRBG10
output => width: 1920, height: 1080, fmt: NV12
prs_in => x: 1920, y: 0, hb: 478, hs: 1723
frame => cnt: 0, lost_cnt: 0, error_cnt: 0
internal => avg: 7(ms), max: 7(ms), min: 7(ms)
--- dmesg since marker ---
frame lost               533
sunxi_isp_reset          533
vblank                   2
3DNR forced off          1
configuration error      0
height error             0
stream off               0
not mapped               0
CSI module               0
sunxi_iommu              0
Oops                     0
BUG:                     0
WARNING:                 0
Call trace               0
--- dmesg lines of interest (tail) ---
[  148.570898] VFRMARK-c15b-fps133-3a-log-2462289-1789581364
[  149.586251] sunxi:vin:[INFO]: isp0 sensor 1920x1080 vts 1100 fps 133: vblank 136 us, 3DNR off (limit 500 us)
[  149.590427] sunxi:vin:[INFO]: isp0: 3DNR forced off, sensor vblank 136 us < 500 us

