===================== c15b-clamp-136-1 =====================
date   : 2026-09-17T02:10:00+08:00
uptime : 977.21 s
module : BA48201D23BA4260923B53E 375f6f4f5c15f72b2d2323f32e7af087  /lib/modules/6.6.98-sun60iw2/updates/vin_v4l2.ko 
args   : -t 6 -d /dev/video0 -w 1920 -h 1080 -f NV12 -p 1/136  (vi0)
marker : VFRMARK-c15b-clamp-136-1-2473180-1789582196
--- vi0 counters before ---
input => hoff: 0, voff: 0, w: 1920, h: 1080, fmt: GRBG10
output => width: 1920, height: 1080, fmt: NV12
prs_in => x: 1920, y: 0, hb: 478, hs: 1723
frame => cnt: 0, lost_cnt: 0, error_cnt: 0
internal => avg: 7(ms), max: 8(ms), min: 7(ms)
--- vfr output ---
input 0: 
requested 1/136 -> got 1/136
fmt NV12 1920x1080 planes=1 sizeimage=3110400 bytesperline=2880
  t=  1.0s frames=    119 this_second=119
  t=  2.0s frames=    240 this_second=121
  t=  3.0s frames=    361 this_second=121
  t=  4.0s frames=    482 this_second=121
  t=  5.0s frames=    603 this_second=121
RESULT dev=/dev/video0 1920x1080 NV12 frames=720 wall=6.006s fps=119.87 timeouts=0
GAPS n=719 median=0.008329s (120.06 fps) min=0.007406 max=0.008450 >1.5x=0 >3x=0
--- vfr rc=0 ---
--- vi0 counters after ---
input => hoff: 0, voff: 0, w: 1920, h: 1080, fmt: GRBG10
output => width: 1920, height: 1080, fmt: NV12
prs_in => x: 1920, y: 1080, hb: 477, hs: 1724
frame => cnt: 722, lost_cnt: 1, error_cnt: 0
internal => avg: 8(ms), max: 8(ms), min: 7(ms)
--- dmesg since marker ---
frame lost               0
sunxi_isp_reset          0
vblank                   2
3DNR forced off          1
configuration error      0
height error             0
stream off               0
not mapped               0
CSI module               0
sunxi_iommu              0
Oops                     0
BUG:                     0
WARNING:                 0
Call trace               0
--- dmesg lines of interest (tail) ---
[  979.708718] VFRMARK-c15b-clamp-136-1-2473180-1789582196
[  980.524441] sunxi:vin:[INFO]: isp0 sensor 1920x1080 vts 1096 fps 133: vblank 109 us, 3DNR off (limit 500 us)
[  980.530237] sunxi:vin:[INFO]: isp0: 3DNR forced off, sensor vblank 109 us < 500 us

