
===== uboot_cmd start =====

>>> fstype mmc 0:1
fstype mmc 0:1
** No partition table - mmc 0 **
=> 
>>> ls mmc 0:1 /boot/dtb/allwinner
ls mmc 0:1 /boot/dtb/allwinner
** No partition table - mmc 0 **
=> 
>>> help
help
?       - alias for 'help'
base    - print or set address offset
bdinfo  - print Board Info structure
bmp     - manipulate BMP image data
boot    - boot default, i.e., run 'bootcmd'
bootd   - boot default, i.e., run 'bootcmd'
booti   - boot Linux kernel 'Image' format from memory
bootm   - boot application image from memory
bootp   - boot image via network using BOOTP/TFTP protocol
bootz   - boot Linux zImage image from memory
cmp     - memory compare
coninfo - print console devices and information
cp      - memory copy
crc32   - checksum calculation
dhcp    - boot image via network using DHCP/TFTP protocol
dm      - Driver model low level access
echo    - echo args to console
editenv - edit environment variable
efex    - run to efex
env     - environment handling commands
erase   - erase FLASH memory
exit    - exit script
ext2load- load binary file from a Ext2 filesystem
ext2ls  - list files in a directory (default /)
ext4load- load binary file from a Ext4 filesystem
ext4ls  - list files in a directory (default /)
ext4size- determine a file's size
ext4write- create a file in the root directory
false   - do nothing, unsuccessfully
fastboot- fastboot - enter USB Fastboot protocol
fatinfo - print information about filesystem
fatload - load binary file from a dos filesystem
fatls   - list files in a directory (default /)
fatsize - determine a file's size
fatwrite- write file into a dos filesystem
fdt     - flattened device tree utility commands
flinfo  - print FLASH memory information
fstype  - Look up a filesystem type
gpt     - GUID Partition Table
gzwrite - unzip and write memory to block device
help    - print command description/usage
hwspinlock_get- cmd of spinlock get
hwspinlock_init- cmd of spinlock init
hwspinlock_put- cmd of spinlock put
i2c     - I2C sub-system
itest   - return true/false on integer compare
key_test- Test the key value

lcdputs - print string on video framebuffer
load    - load binary file from a filesystem
loadb   - load binary file over serial line (kermit mode)
loads   - load S-Record file over serial line
loadx   - load binary file over serial line (xmodem mode)
loady   - load binary file over serial line (ymodem mode)
loop    - infinite loop on address range
ls      - list files in a directory (default /)
lzmadec - lzma uncompress a memory region
md      - memory display
mdio    - MDIO utility commands
memtester- start application at address 'addr'
mii     - MII utility commands
mm      - memory modify (auto-incrementing address)
mmc     - MMC sub system
mmcinfo - display MMC info
mw      - memory write (fill)
nfs     - boot image via network using NFS protocol
nm      - memory modify (constant address)
nvme    - NVM Express sub-system
part    - disk partition related commands
pbread  - read data from private data
pci     - list and access PCI Configuration Space
ping    - send ICMP ECHO_REQUEST to network host
poweroff- Perform POWEROFF of the device
printenv- print environment variables
protect - enable or disable FLASH write protection
pst     - read data from secure storageerase flag in secure storage
pxe     - commands to get and boot from pxe files
reset   - Perform RESET of the CPU
run     - run commands in an environment variable
save    - save file to a filesystem
saveenv - save environment variables to persistent storage
screen_char- show default screen chars
setcurs - set cursor position within screen
setenv  - set environment variables
setexpr - set environment variable as the result of eval expression
sf      - SPI flash sub-system
showvar - print local hushshell variables
size    - determine a file's size
sleep   - delay execution for some time
source  - run script from memory
sprite_test- do a sprite test
sunxi_ab_test- enable test for uboot ab select feature
sunxi_axp- sunxi_axp sub-system
sunxi_backlihgt- backlight ctrl
sunxi_card0_probe- probe sunxi card0 device
sunxi_cmd_parser- sunxi cmdline parser test
sunxi_drm- sunxi drm debug cmd
sunxi_flash- sunxi_flash sub-system
sunxi_hdmi20- sunxi drm hdmi debug cmd
sunxi_mem_info_dump- check if not exceed scope
sunxi_pwm- do pwm test
sunxi_show_bmp- load and display bmp from resource partition
sunxi_show_logo- load and display logo from resource partition
sunxi_so- sunxi_so sub-system
sysboot - command to get and boot from syslinux files
test    - minimal test like /bin/sh
tftpboot- boot image via network using TFTP protocol
timer_test- do a timer and int test
timer_test1- do a timer and int test
true    - do nothing, successfully
uburn   - do a burn from boot
ufs     - Simple UFS commands
unzip   - unzip a memory region
usb     - USB sub-system
usbboot - boot from USB device
version - print monitor, compiler and linker version
=> 
===== uboot_cmd end =====
